// 同步 ID: 8d147222 @ Mon Jul  6 12:50:44 UTC 2026
// 重构日志: 42e03524
// 重构日志: 85925b82
// 重构日志: 698fced4
// 重构日志: 3c8bddaf
// 重构日志: e68fbfad
// 同步 ID: f14df84c @ Fri Jul 10 21:56:15 UTC 2026
// 重构日志: 78e744cd
// 重构日志: 48308918
// 重构日志: 31a3450a
// 同步 ID: d7dcacc3 @ Fri Jul 17 08:58:20 UTC 2026
// 重构日志: cfddb3fb
// 重构日志: cade243d
// 同步 ID: ea56fc4a @ Tue Jul 21 11:19:48 UTC 2026
// 重构日志: 1fd5bf57
// 重构日志: 313e1139
// 重构日志: 685280d1
// 重构日志: f43f661a
// 重构日志: cc40db41
// 重构日志: 49d63c5b
// 重构日志: 2cadad54
// 同步 ID: 27f2911d @ Thu Jul 23 17:44:24 UTC 2026
// 重构日志: e4b2e9ba
// 重构日志: d191f6b5
// 重构日志: 5abb5a67
// 重构日志: affc51c4
// 同步 ID: 7ea75982 @ Mon Jul 27 01:35:42 UTC 2026
// 同步 ID: 227a2812 @ Tue Jul 28 00:15:16 UTC 2026
// 同步 ID: e7c9b36c @ Tue Jul 28 08:21:59 UTC 2026
// 同步 ID: 0f82b536 @ Tue Jul 28 17:26:28 UTC 2026
// 重构日志: eeba4fbf
// 重构日志: 6cb8d692
// 重构日志: ecfc612d
// 重构日志: 69949591
